---
source: crates/capitoltrades_api/src/query/politician.rs
expression: "PoliticianQuery::default().with_issuer_id(123).add_to_url(&url).to_string()"
---
"https://example.com/?page=1&issuer=123&sortBy=-volume"
