---
source: crates/capitoltrades_api/src/query/politician.rs
expression: "PoliticianQuery::default().with_sort_by(PoliticianSortBy::LastName).add_to_url(&url).to_string()"
---
"https://example.com/?page=1&sortBy=-lastName"
